// Jest Snapshot v1, https://goo.gl/fbAQLP

exports[`Basic rendering of Counter should render 1`] = `
<DocumentFragment>
  <h1
    data-testid="data-test-counter-value"
  >
    0
  </h1>
  <button
    data-testid="data-test-increment-btn"
  >
    +
  </button>
  <button
    data-testid="data-test-decrement-btn"
  >
    -
  </button>
</DocumentFragment>
`;
